node.exe : [33mThe CJS build of Vite's Node API is deprecated. See https://vite
.dev/guide/troubleshooting.html#vite-cjs-node-api-deprecated for more details.[
39m
At C:\Program Files\nodejs\npx.ps1:29 char:3
+   & $NODE_EXE $NPX_CLI_JS $args
+   ~~~~~~~~~~~~~~~~~~~~~~~~~~~~~
    + CategoryInfo          : NotSpecified: ([33mThe CJS bu...e details.[39m: 
   String) [], RemoteException
    + FullyQualifiedErrorId : NativeCommandError
 

[7m[1m[36m RUN [39m[22m[27m [36mv1.6.1[39m [90mD:/HTDOC/tenunan-songket[39m

 [33mΓ¥»[39m src/components/profile/AddressForm.test.tsx [2m ([22m[2m13 tests[22m [2m|[22m [31m1 failed[39m[2m)[22m[33m 4012[2mms[22m[39m
[31m   [33mΓ¥»[31m src/components/profile/AddressForm.test.tsx[2m > [22mAddressForm - Validation and Error Handling[2m > [22mForm submission blocking - Requirements 1.4, 2.5, 11.3[2m > [22mshould highlight all fields with errors on submit attempt - Requirement 11.3[39m
[31m     ΓåÆ Unable to find an element with the text: /Please correct the errors/i. This could be because the text is broken up by multiple elements. In this case, you can provide a function for your text matcher to make your matcher more flexible.

Ignored nodes: comments, script, style
[36m<body>[31m
  [36m<div>[31m
    [36m<form[31m
      [33mclass[31m=[32m"space-y-4"[31m
    [36m>[31m
      [36m<p[31m
        [33mclass[31m=[32m"text-sm text-muted-foreground"[31m
      [36m>[31m
        [0mFields marked with [0m
        [36m<span[31m
          [33mclass[31m=[32m"text-red-600"[31m
        [36m>[31m
          [0m*[0m
        [36m</span>[31m
        [0m are required[0m
      [36m</p>[31m
      [36m<div[31m
        [33mclass[31m=[32m"border border-gray-200 rounded-lg overflow-hidden shadow-sm"[31m
      [36m>[31m
        [36m<button[31m
          [33maria-controls[31m=[32m"section-recipient"[31m
          [33maria-expanded[31m=[32m"true"[31m
          [33mclass[31m=[32m"flex items-center justify-between w-full p-4 bg-gray-50 hover:bg-gray-100 rounded-t-lg transition-colors touch-manipulation"[31m
          [33mstyle[31m=[32m"min-height: 44px;"[31m
          [33mtype[31m=[32m"button"[31m
        [36m>[31m
          [36m<div[31m
            [33mclass[31m=[32m"flex items-center gap-2"[31m
          [36m>[31m
            [36m<h3[31m
              [33mclass[31m=[32m"text-base font-semibold text-gray-900"[31m
            [36m>[31m
              [0mRecipient Information[0m
            [36m</h3>[31m
          [36m</div>[31m
          [36m<svg[31m
            [33mclass[31m=[32m"lucide lucide-chevron-down h-5 w-5 text-gray-600 transition-transform rotate-180"[31m
            [33mfill[31m=[32m"none"[31m
            [33mheight[31m=[32m"24"[31m
            [33mstroke[31m=[32m"currentColor"[31m
            [33mstroke-linecap[31m=[32m"round"[31m
            [33mstroke-linejoin[31m=[32m"round"[31m
            [33mstroke-width[31m=[32m"2"[31m
            [33mviewBox[31m=[32m"0 0 24 24"[31m
            [33mwidth[31m=[32m"24"[31m
            [33mxmlns[31m=[32m"http://www.w3.org/2000/svg"[31m
          [36m>[31m
            [36m<path[31m
              [33md[31m=[32m"m6 9 6 6 6-6"[31m
            [36m/>[31m
          [36m</svg>[31m
        [36m</button>[31m
        [36m<div[31m
          [33mclass[31m=[32m"p-4 space-y-4 bg-white"[31m
          [33mid[31m=[32m"section-recipient"[31m
        [36m>[31m
          [36m<div[31m
            [33mclass[31m=[32m"space-y-2"[31m
          [36m>[31m
            [36m<label[31m
              [33mclass[31m=[32m"text-sm font-medium leading-none peer-disabled:cursor-not-allowed peer-disabled:opacity-70"[31m
              [33mfor[31m=[32m"label"[31m
            [36m>[31m
              [0mAddress Label[0m
            [36m</label>[31m
            [36m<input[31m
              [33mclass[31m=[32m"flex h-10 w-full rounded-md border border-input bg-background px-3 py-2 text-sm ring-offset-background file:border-0 file:bg-transparent file:text-sm file:font-medium placeholder:text-muted-foreground focus-visible:outline-none focus-visible:ring-2 focus-visible:ring-offset-2 disabled:cursor-not-allowed disabled:opacity-50 transition-colors focus-visible:ring-primary"[31m
              [33mid[31m=[32m"label"[31m
              [33mname[31m=[32m"label"[31m
              [33mplaceholder[31m=[32m"e.g., Home, Office"[31m
              [33mstyle[31m=[32m"min-height: 44px;"[31m
              [33mvalue[31m=[32m""[31m
            [36m/>[31m
          [36m</div>[31m
          [36m<div[31m
            [33mclass[31m=[32m"space-y-2"[31m
          [36m>[31m
            [36m<label[31m
              [33mclass[31m=[32m"text-sm font-medium leading-none peer-disabled:cursor-not-allowed peer-disabled:opacity-70"[31m
              [33mfor[31m=[32m"recipient_name"[31m
            [36m>[31m
              [0mRecipient Name [0m
              [36m<span[31m
                [33mclass[31m=[32m"text-red-600"[31m
              [36m>[31m
                [0m*[0m
              [36m</span>[31m
            [36m</label>[31m
            [36m<input[31m
              [33mclass[31m=[32m"flex h-10 w-full rounded-md border border-input bg-background px-3 py-2 text-sm ring-offset-background file:border-0 file:bg-transparent file:text-sm file:font-medium placeholder:text-muted-foreground focus-visible:outline-none focus-visible:ring-2 focus-visible:ring-offset-2 disabled:cursor-not-allowed disabled:opacity-50 transition-colors focus-visible:ring-primary"[31m
              [33mid[31m=[32m"recipient_name"[31m
              [33mname[31m=[32m"recipient_name"[31m
              [33mplaceholder[31m=[32m"Full name of recipient"[31m
              [33mrequired[31m=[32m""[31m
              [33mstyle[31m=[32m"min-height: 44px;"[31m
              [33mvalue[31m=[32m""[31m
            [36m/>[31m
          [36m</div>[31m
          [36m<div[31m
            [33mclass[31m=[32m"space-y-2"[31m
          [36m>[31m
            [36m<label[31m
              [33mclass[31m=[32m"text-sm font-medium leading-none peer-disabled:cursor-not-allowed peer-disabled:opacity-70"[31m
              [33mfor[31m=[32m"phone"[31m
            [36m>[31m
              [0mNombor Telefon[0m
              [0m [0m
              [36m<span[31m
                [33mclass[31m=[32m"text-red-600"[31m
              [36m>[31m
                [0m*[0m
              [36m</span>[31m
            [36m</label>[31m
            [36m<input[31m
              [33mclass[31m=[32m"flex h-10 w-full rounded-md border border-input bg-background px-3 py-2 text-sm ring-offset-background file:border-0 file:bg-transparent file:text-sm file:font-medium placeholder:text-muted-foreground focus-visible:outline-none focus-visible:ring-2 focus-visible:ring-offset-2 disabled:cursor-not-allowed disabled:opacity-50 transition-colors focus-visible:ring-primary"[31m
              [33mid[31m=[32m"phone"[31m
              [33mname[31m=[32m"phone"[31m
              [33mplaceholder[31m=[32m"+673-123-4567"[31m
              [33mrequired[31m=[32m""[31m
              [33mstyle[31m=[32m"min-height: 44px;"[31m
              [33mtype[31m=[32m"tel"[31m
              [33mvalue[31m=[32m""[31m
            [36m/>[31m
            [36m<p[31m
              [33mclass[31m=[32m"text-xs text-muted-foreground"[31m
            [36m>[31m
              [0mFormat: +673-XXX-XXXX atau XXX-XXXX[0m
            [36m</p>[31m
          [36m</div>[31m
        [36m</div>[31m
      [36m</div>[31m
      [36m<div[31m
        [33mclass[31m=[32m"border border-gray-200 rounded-lg overflow-hidden shadow-sm"[31m
      [36m>[31m
        [36m<button[31m
          [33maria-controls[31m=[32m"section-address"[31m
          [33maria-expanded[31m=[32m"true"[31m
          [33mclass[31m=[32m"flex items-center justify-between w-full p-4 bg-gray-50 hover:bg-gray-100 rounded-t-lg transition-colors touch-manipulation"[31m
          [33mstyle[31m=[32m"m...

Ignored nodes: comments, script, style
[36m<html>[31m
  [36m<head />[31m
  [36m<body>[31m
    [36m<div>[31m
      [36m<form[31m
        [33mclass[31m=[32m"space-y-4"[31m
      [36m>[31m
        [36m<p[31m
          [33mclass[31m=[32m"text-sm text-muted-foreground"[31m
        [36m>[31m
          [0mFields marked with [0m
          [36m<span[31m
            [33mclass[31m=[32m"text-red-600"[31m
          [36m>[31m
            [0m*[0m
          [36m</span>[31m
          [0m are required[0m
        [36m</p>[31m
        [36m<div[31m
          [33mclass[31m=[32m"border border-gray-200 rounded-lg overflow-hidden shadow-sm"[31m
        [36m>[31m
          [36m<button[31m
            [33maria-controls[31m=[32m"section-recipient"[31m
            [33maria-expanded[31m=[32m"true"[31m
            [33mclass[31m=[32m"flex items-center justify-between w-full p-4 bg-gray-50 hover:bg-gray-100 rounded-t-lg transition-colors touch-manipulation"[31m
            [33mstyle[31m=[32m"min-height: 44px;"[31m
            [33mtype[31m=[32m"button"[31m
          [36m>[31m
            [36m<div[31m
              [33mclass[31m=[32m"flex items-center gap-2"[31m
            [36m>[31m
              [36m<h3[31m
                [33mclass[31m=[32m"text-base font-semibold text-gray-900"[31m
              [36m>[31m
                [0mRecipient Information[0m
              [36m</h3>[31m
            [36m</div>[31m
            [36m<svg[31m
              [33mclass[31m=[32m"lucide lucide-chevron-down h-5 w-5 text-gray-600 transition-transform rotate-180"[31m
              [33mfill[31m=[32m"none"[31m
              [33mheight[31m=[32m"24"[31m
              [33mstroke[31m=[32m"currentColor"[31m
              [33mstroke-linecap[31m=[32m"round"[31m
              [33mstroke-linejoin[31m=[32m"round"[31m
              [33mstroke-width[31m=[32m"2"[31m
              [33mviewBox[31m=[32m"0 0 24 24"[31m
              [33mwidth[31m=[32m"24"[31m
              [33mxmlns[31m=[32m"http://www.w3.org/2000/svg"[31m
            [36m>[31m
              [36m<path[31m
                [33md[31m=[32m"m6 9 6 6 6-6"[31m
              [36m/>[31m
            [36m</svg>[31m
          [36m</button>[31m
          [36m<div[31m
            [33mclass[31m=[32m"p-4 space-y-4 bg-white"[31m
            [33mid[31m=[32m"section-recipient"[31m
          [36m>[31m
            [36m<div[31m
              [33mclass[31m=[32m"space-y-2"[31m
            [36m>[31m
              [36m<label[31m
                [33mclass[31m=[32m"text-sm font-medium leading-none peer-disabled:cursor-not-allowed peer-disabled:opacity-70"[31m
                [33mfor[31m=[32m"label"[31m
              [36m>[31m
                [0mAddress Label[0m
              [36m</label>[31m
              [36m<input[31m
                [33mclass[31m=[32m"flex h-10 w-full rounded-md border border-input bg-background px-3 py-2 text-sm ring-offset-background file:border-0 file:bg-transparent file:text-sm file:font-medium placeholder:text-muted-foreground focus-visible:outline-none focus-visible:ring-2 focus-visible:ring-offset-2 disabled:cursor-not-allowed disabled:opacity-50 transition-colors focus-visible:ring-primary"[31m
                [33mid[31m=[32m"label"[31m
                [33mname[31m=[32m"label"[31m
                [33mplaceholder[31m=[32m"e.g., Home, Office"[31m
                [33mstyle[31m=[32m"min-height: 44px;"[31m
                [33mvalue[31m=[32m""[31m
              [36m/>[31m
            [36m</div>[31m
            [36m<div[31m
              [33mclass[31m=[32m"space-y-2"[31m
            [36m>[31m
              [36m<label[31m
                [33mclass[31m=[32m"text-sm font-medium leading-none peer-disabled:cursor-not-allowed peer-disabled:opacity-70"[31m
                [33mfor[31m=[32m"recipient_name"[31m
              [36m>[31m
                [0mRecipient Name [0m
                [36m<span[31m
                  [33mclass[31m=[32m"text-red-600"[31m
                [36m>[31m
                  [0m*[0m
                [36m</span>[31m
              [36m</label>[31m
              [36m<input[31m
                [33mclass[31m=[32m"flex h-10 w-full rounded-md border border-input bg-background px-3 py-2 text-sm ring-offset-background file:border-0 file:bg-transparent file:text-sm file:font-medium placeholder:text-muted-foreground focus-visible:outline-none focus-visible:ring-2 focus-visible:ring-offset-2 disabled:cursor-not-allowed disabled:opacity-50 transition-colors focus-visible:ring-primary"[31m
                [33mid[31m=[32m"recipient_name"[31m
                [33mname[31m=[32m"recipient_name"[31m
                [33mplaceholder[31m=[32m"Full name of recipient"[31m
                [33mrequired[31m=[32m""[31m
                [33mstyle[31m=[32m"min-height: 44px;"[31m
                [33mvalue[31m=[32m""[31m
              [36m/>[31m
            [36m</div>[31m
            [36m<div[31m
              [33mclass[31m=[32m"space-y-2"[31m
            [36m>[31m
              [36m<label[31m
                [33mclass[31m=[32m"text-sm font-medium leading-none peer-disabled:cursor-not-allowed peer-disabled:opacity-70"[31m
                [33mfor[31m=[32m"phone"[31m
              [36m>[31m
                [0mNombor Telefon[0m
                [0m [0m
                [36m<span[31m
                  [33mclass[31m=[32m"text-red-600"[31m
                [36m>[31m
                  [0m*[0m
                [36m</span>[31m
              [36m</label>[31m
              [36m<input[31m
                [33mclass[31m=[32m"flex h-10 w-full rounded-md border border-input bg-background px-3 py-2 text-sm ring-offset-background file:border-0 file:bg-transparent file:text-sm file:font-medium placeholder:text-muted-foreground focus-visible:outline-none focus-visible:ring-2 focus-visible:ring-offset-2 disabled:cursor-not-allowed disabled:opacity-50 transition-colors focus-visible:ring-primary"[31m
                [33mid[31m=[32m"phone"[31m
                [33mname[31m=[32m"phone"[31m
                [33mplaceholder[31m=[32m"+673-123-4567"[31m
                [33mrequired[31m=[32m""[31m
                [33mstyle[31m=[32m"min-height: 44px;"[31m
                [33mtype[31m=[32m"tel"[31m
                [33mvalue[31m=[32m""[31m
              [36m/>[31m
              [36m<p[31m
                [33mclass[31m=[32m"text-xs text-muted-foreground"[31m
              [36m>[31m
                [0mFormat: +673-XXX-XXXX atau XXX-XXXX[0m
              [36m</p>[31m
            [36m</div>[31m
          [36m</div>[31m
        [36m</div>[31m
        [36m<div[31m
          [33mclass[31m=[32m"border border-gray-200 rounded-lg overflow-hidden shadow-sm"[31m
        [36m>[31m
          [36m<button[31m
...[39m

[31mΓÄ»ΓÄ»ΓÄ»ΓÄ»ΓÄ»ΓÄ»ΓÄ»[1m[7m Failed Tests 1 [27m[22mΓÄ»ΓÄ»ΓÄ»ΓÄ»ΓÄ»ΓÄ»ΓÄ
»[39m

[31m[1m[7m FAIL [27m[22m[39m src/components/profile/AddressForm.test.tsx[
2m > [22mAddressForm - Validation and Error Handling[2m > [22mForm submission
 blocking - Requirements 1.4, 2.5, 11.3[2m > [22mshould highlight all fields w
ith errors on submit attempt - Requirement 11.3
[31m[1mTestingLibraryElementError[22m[39m: Unable to find an element with th
e text: /Please correct the errors/i. This could be because the text is broken u
p by multiple elements. In this case, you can provide a function for your text m
atcher to make your matcher more flexible.

Ignored nodes: comments, script, style
[36m<body>[39m
  [36m<div>[39m
    [36m<form[39m
      [33mclass[39m=[32m"space-y-4"[39m
    [36m>[39m
      [36m<p[39m
        [33mclass[39m=[32m"text-sm text-muted-foreground"[39m
      [36m>[39m
        [0mFields marked with [0m
        [36m<span[39m
          [33mclass[39m=[32m"text-red-600"[39m
        [36m>[39m
          [0m*[0m
        [36m</span>[39m
        [0m are required[0m
      [36m</p>[39m
      [36m<div[39m
        [33mclass[39m=[32m"border border-gray-200 rounded-lg overflow-hidden 
shadow-sm"[39m
      [36m>[39m
        [36m<button[39m
          [33maria-controls[39m=[32m"section-recipient"[39m
          [33maria-expanded[39m=[32m"true"[39m
          [33mclass[39m=[32m"flex items-center justify-between w-full p-4 bg-
gray-50 hover:bg-gray-100 rounded-t-lg transition-colors touch-manipulation"[39
m
          [33mstyle[39m=[32m"min-height: 44px;"[39m
          [33mtype[39m=[32m"button"[39m
        [36m>[39m
          [36m<div[39m
            [33mclass[39m=[32m"flex items-center gap-2"[39m
          [36m>[39m
            [36m<h3[39m
              [33mclass[39m=[32m"text-base font-semibold text-gray-900"[39m
            [36m>[39m
              [0mRecipient Information[0m
            [36m</h3>[39m
          [36m</div>[39m
          [36m<svg[39m
            [33mclass[39m=[32m"lucide lucide-chevron-down h-5 w-5 text-gray-6
00 transition-transform rotate-180"[39m
            [33mfill[39m=[32m"none"[39m
            [33mheight[39m=[32m"24"[39m
            [33mstroke[39m=[32m"currentColor"[39m
            [33mstroke-linecap[39m=[32m"round"[39m
            [33mstroke-linejoin[39m=[32m"round"[39m
            [33mstroke-width[39m=[32m"2"[39m
            [33mviewBox[39m=[32m"0 0 24 24"[39m
            [33mwidth[39m=[32m"24"[39m
            [33mxmlns[39m=[32m"http://www.w3.org/2000/svg"[39m
          [36m>[39m
            [36m<path[39m
              [33md[39m=[32m"m6 9 6 6 6-6"[39m
            [36m/>[39m
          [36m</svg>[39m
        [36m</button>[39m
        [36m<div[39m
          [33mclass[39m=[32m"p-4 space-y-4 bg-white"[39m
          [33mid[39m=[32m"section-recipient"[39m
        [36m>[39m
          [36m<div[39m
            [33mclass[39m=[32m"space-y-2"[39m
          [36m>[39m
            [36m<label[39m
              [33mclass[39m=[32m"text-sm font-medium leading-none peer-disabl
ed:cursor-not-allowed peer-disabled:opacity-70"[39m
              [33mfor[39m=[32m"label"[39m
            [36m>[39m
              [0mAddress Label[0m
            [36m</label>[39m
            [36m<input[39m
              [33mclass[39m=[32m"flex h-10 w-full rounded-md border border-in
put bg-background px-3 py-2 text-sm ring-offset-background file:border-0 file:bg
-transparent file:text-sm file:font-medium placeholder:text-muted-foreground foc
us-visible:outline-none focus-visible:ring-2 focus-visible:ring-offset-2 disable
d:cursor-not-allowed disabled:opacity-50 transition-colors focus-visible:ring-pr
imary"[39m
              [33mid[39m=[32m"label"[39m
              [33mname[39m=[32m"label"[39m
              [33mplaceholder[39m=[32m"e.g., Home, Office"[39m
              [33mstyle[39m=[32m"min-height: 44px;"[39m
              [33mvalue[39m=[32m""[39m
            [36m/>[39m
          [36m</div>[39m
          [36m<div[39m
            [33mclass[39m=[32m"space-y-2"[39m
          [36m>[39m
            [36m<label[39m
              [33mclass[39m=[32m"text-sm font-medium leading-none peer-disabl
ed:cursor-not-allowed peer-disabled:opacity-70"[39m
              [33mfor[39m=[32m"recipient_name"[39m
            [36m>[39m
              [0mRecipient Name [0m
              [36m<span[39m
                [33mclass[39m=[32m"text-red-600"[39m
              [36m>[39m
                [0m*[0m
              [36m</span>[39m
            [36m</label>[39m
            [36m<input[39m
              [33mclass[39m=[32m"flex h-10 w-full rounded-md border border-in
put bg-background px-3 py-2 text-sm ring-offset-background file:border-0 file:bg
-transparent file:text-sm file:font-medium placeholder:text-muted-foreground foc
us-visible:outline-none focus-visible:ring-2 focus-visible:ring-offset-2 disable
d:cursor-not-allowed disabled:opacity-50 transition-colors focus-visible:ring-pr
imary"[39m
              [33mid[39m=[32m"recipient_name"[39m
              [33mname[39m=[32m"recipient_name"[39m
              [33mplaceholder[39m=[32m"Full name of recipient"[39m
              [33mrequired[39m=[32m""[39m
              [33mstyle[39m=[32m"min-height: 44px;"[39m
              [33mvalue[39m=[32m""[39m
            [36m/>[39m
          [36m</div>[39m
          [36m<div[39m
            [33mclass[39m=[32m"space-y-2"[39m
          [36m>[39m
            [36m<label[39m
              [33mclass[39m=[32m"text-sm font-medium leading-none peer-disabl
ed:cursor-not-allowed peer-disabled:opacity-70"[39m
              [33mfor[39m=[32m"phone"[39m
            [36m>[39m
              [0mNombor Telefon[0m
              [0m [0m
              [36m<span[39m
                [33mclass[39m=[32m"text-red-600"[39m
              [36m>[39m
                [0m*[0m
              [36m</span>[39m
            [36m</label>[39m
            [36m<input[39m
              [33mclass[39m=[32m"flex h-10 w-full rounded-md border border-in
put bg-background px-3 py-2 text-sm ring-offset-background file:border-0 file:bg
-transparent file:text-sm file:font-medium placeholder:text-muted-foreground foc
us-visible:outline-none focus-visible:ring-2 focus-visible:ring-offset-2 disable
d:cursor-not-allowed disabled:opacity-50 transition-colors focus-visible:ring-pr
imary"[39m
              [33mid[39m=[32m"phone"[39m
              [33mname[39m=[32m"phone"[39m
              [33mplaceholder[39m=[32m"+673-123-4567"[39m
              [33mrequired[39m=[32m""[39m
              [33mstyle[39m=[32m"min-height: 44px;"[39m
              [33mtype[39m=[32m"tel"[39m
              [33mvalue[39m=[32m""[39m
            [36m/>[39m
            [36m<p[39m
              [33mclass[39m=[32m"text-xs text-muted-foreground"[39m
            [36m>[39m
              [0mFormat: +673-XXX-XXXX atau XXX-XXXX[0m
            [36m</p>[39m
          [36m</div>[39m
        [36m</div>[39m
      [36m</div>[39m
      [36m<div[39m
        [33mclass[39m=[32m"border border-gray-200 rounded-lg overflow-hidden 
shadow-sm"[39m
      [36m>[39m
        [36m<button[39m
          [33maria-controls[39m=[32m"section-address"[39m
          [33maria-expanded[39m=[32m"true"[39m
          [33mclass[39m=[32m"flex items-center justify-between w-full p-4 bg-
gray-50 hover:bg-gray-100 rounded-t-lg transition-colors touch-manipulation"[39
m
          [33mstyle[39m=[32m"m...

Ignored nodes: comments, script, style
[36m<html>[39m
  [36m<head />[39m
  [36m<body>[39m
    [36m<div>[39m
      [36m<form[39m
        [33mclass[39m=[32m"space-y-4"[39m
      [36m>[39m
        [36m<p[39m
          [33mclass[39m=[32m"text-sm text-muted-foreground"[39m
        [36m>[39m
          [0mFields marked with [0m
          [36m<span[39m
            [33mclass[39m=[32m"text-red-600"[39m
          [36m>[39m
            [0m*[0m
          [36m</span>[39m
          [0m are required[0m
        [36m</p>[39m
        [36m<div[39m
          [33mclass[39m=[32m"border border-gray-200 rounded-lg overflow-hidde
n shadow-sm"[39m
        [36m>[39m
          [36m<button[39m
            [33maria-controls[39m=[32m"section-recipient"[39m
            [33maria-expanded[39m=[32m"true"[39m
            [33mclass[39m=[32m"flex items-center justify-between w-full p-4 b
g-gray-50 hover:bg-gray-100 rounded-t-lg transition-colors touch-manipulation"[
39m
            [33mstyle[39m=[32m"min-height: 44px;"[39m
            [33mtype[39m=[32m"button"[39m
          [36m>[39m
            [36m<div[39m
              [33mclass[39m=[32m"flex items-center gap-2"[39m
            [36m>[39m
              [36m<h3[39m
                [33mclass[39m=[32m"text-base font-semibold text-gray-900"[39
m
              [36m>[39m
                [0mRecipient Information[0m
              [36m</h3>[39m
            [36m</div>[39m
            [36m<svg[39m
              [33mclass[39m=[32m"lucide lucide-chevron-down h-5 w-5 text-gray
-600 transition-transform rotate-180"[39m
              [33mfill[39m=[32m"none"[39m
              [33mheight[39m=[32m"24"[39m
              [33mstroke[39m=[32m"currentColor"[39m
              [33mstroke-linecap[39m=[32m"round"[39m
              [33mstroke-linejoin[39m=[32m"round"[39m
              [33mstroke-width[39m=[32m"2"[39m
              [33mviewBox[39m=[32m"0 0 24 24"[39m
              [33mwidth[39m=[32m"24"[39m
              [33mxmlns[39m=[32m"http://www.w3.org/2000/svg"[39m
            [36m>[39m
              [36m<path[39m
                [33md[39m=[32m"m6 9 6 6 6-6"[39m
              [36m/>[39m
            [36m</svg>[39m
          [36m</button>[39m
          [36m<div[39m
            [33mclass[39m=[32m"p-4 space-y-4 bg-white"[39m
            [33mid[39m=[32m"section-recipient"[39m
          [36m>[39m
            [36m<div[39m
              [33mclass[39m=[32m"space-y-2"[39m
            [36m>[39m
              [36m<label[39m
                [33mclass[39m=[32m"text-sm font-medium leading-none peer-disa
bled:cursor-not-allowed peer-disabled:opacity-70"[39m
                [33mfor[39m=[32m"label"[39m
              [36m>[39m
                [0mAddress Label[0m
              [36m</label>[39m
              [36m<input[39m
                [33mclass[39m=[32m"flex h-10 w-full rounded-md border border-
input bg-background px-3 py-2 text-sm ring-offset-background file:border-0 file:
bg-transparent file:text-sm file:font-medium placeholder:text-muted-foreground f
ocus-visible:outline-none focus-visible:ring-2 focus-visible:ring-offset-2 disab
led:cursor-not-allowed disabled:opacity-50 transition-colors focus-visible:ring-
primary"[39m
                [33mid[39m=[32m"label"[39m
                [33mname[39m=[32m"label"[39m
                [33mplaceholder[39m=[32m"e.g., Home, Office"[39m
                [33mstyle[39m=[32m"min-height: 44px;"[39m
                [33mvalue[39m=[32m""[39m
              [36m/>[39m
            [36m</div>[39m
            [36m<div[39m
              [33mclass[39m=[32m"space-y-2"[39m
            [36m>[39m
              [36m<label[39m
                [33mclass[39m=[32m"text-sm font-medium leading-none peer-disa
bled:cursor-not-allowed peer-disabled:opacity-70"[39m
                [33mfor[39m=[32m"recipient_name"[39m
              [36m>[39m
                [0mRecipient Name [0m
                [36m<span[39m
                  [33mclass[39m=[32m"text-red-600"[39m
                [36m>[39m
                  [0m*[0m
                [36m</span>[39m
              [36m</label>[39m
              [36m<input[39m
                [33mclass[39m=[32m"flex h-10 w-full rounded-md border border-
input bg-background px-3 py-2 text-sm ring-offset-background file:border-0 file:
bg-transparent file:text-sm file:font-medium placeholder:text-muted-foreground f
ocus-visible:outline-none focus-visible:ring-2 focus-visible:ring-offset-2 disab
led:cursor-not-allowed disabled:opacity-50 transition-colors focus-visible:ring-
primary"[39m
                [33mid[39m=[32m"recipient_name"[39m
                [33mname[39m=[32m"recipient_name"[39m
                [33mplaceholder[39m=[32m"Full name of recipient"[39m
                [33mrequired[39m=[32m""[39m
                [33mstyle[39m=[32m"min-height: 44px;"[39m
                [33mvalue[39m=[32m""[39m
              [36m/>[39m
            [36m</div>[39m
            [36m<div[39m
              [33mclass[39m=[32m"space-y-2"[39m
            [36m>[39m
              [36m<label[39m
                [33mclass[39m=[32m"text-sm font-medium leading-none peer-disa
bled:cursor-not-allowed peer-disabled:opacity-70"[39m
                [33mfor[39m=[32m"phone"[39m
              [36m>[39m
                [0mNombor Telefon[0m
                [0m [0m
                [36m<span[39m
                  [33mclass[39m=[32m"text-red-600"[39m
                [36m>[39m
                  [0m*[0m
                [36m</span>[39m
              [36m</label>[39m
              [36m<input[39m
                [33mclass[39m=[32m"flex h-10 w-full rounded-md border border-
input bg-background px-3 py-2 text-sm ring-offset-background file:border-0 file:
bg-transparent file:text-sm file:font-medium placeholder:text-muted-foreground f
ocus-visible:outline-none focus-visible:ring-2 focus-visible:ring-offset-2 disab
led:cursor-not-allowed disabled:opacity-50 transition-colors focus-visible:ring-
primary"[39m
                [33mid[39m=[32m"phone"[39m
                [33mname[39m=[32m"phone"[39m
                [33mplaceholder[39m=[32m"+673-123-4567"[39m
                [33mrequired[39m=[32m""[39m
                [33mstyle[39m=[32m"min-height: 44px;"[39m
                [33mtype[39m=[32m"tel"[39m
                [33mvalue[39m=[32m""[39m
              [36m/>[39m
              [36m<p[39m
                [33mclass[39m=[32m"text-xs text-muted-foreground"[39m
              [36m>[39m
                [0mFormat: +673-XXX-XXXX atau XXX-XXXX[0m
              [36m</p>[39m
            [36m</div>[39m
          [36m</div>[39m
        [36m</div>[39m
        [36m<div[39m
          [33mclass[39m=[32m"border border-gray-200 rounded-lg overflow-hidde
n shadow-sm"[39m
        [36m>[39m
          [36m<button[39m
...
[90m [2mΓ¥»[22m Proxy.waitForWrapper node_modules/@testing-library/dom/dist/w
ait-for.js:[2m163:27[22m[39m
[36m [2mΓ¥»[22m src/components/profile/AddressForm.test.tsx:[2m157:13[22m[
39m
    [90m155| [39m
    [90m156| [39m      [90m// Wait for the general error message to appear fi
rst[39m
    [90m157| [39m      [35mawait[39m [34mwaitFor[39m(
    [90m   | [39m            [31m^[39m
    [90m158| [39m        () [33m=>[39m {
    [90m159| [39m          [34mexpect[39m(

[31m[2mΓÄ»ΓÄ»ΓÄ»ΓÄ»ΓÄ»ΓÄ»ΓÄ»ΓÄ»ΓÄ»ΓÄ»ΓÄ»ΓÄ»ΓÄ»ΓÄ»ΓÄ»ΓÄ»ΓÄ»ΓÄ»ΓÄ»ΓÄ»ΓÄ»ΓÄ»ΓÄ»ΓÄ
»[1/1]ΓÄ»[22m[39m

[2m Test Files [22m [1m[31m1 failed[39m[22m[90m (1)[39m
[2m      Tests [22m [1m[31m1 failed[39m[22m[2m | [22m[1m[32m12 passed[39m[22m[90m (13)[39m
[2m   Start at [22m 09:18:52
[2m   Duration [22m 5.97s[2m (transform 181ms, setup 110ms, collect 510ms, tests 4.01s, environment 540ms, prepare 150ms)[22m

